// Jest Snapshot v1, https://goo.gl/fbAQLP

exports[` 1`] = `"Text"`;

exports[`Text Element render() should render correctly 1`] = `
Object {
  "input": undefined,
  "props": Object {
    "id": "hr",
    "label": "Hello World",
  },
  "type": Object {
    "render": [Function],
    "type": "Text",
    "valid": [Function],
    "value": [Function],
  },
  "wrapper": <p
    id="dialog-hr"
  >
    Hello World
  </p>,
}
`;
